-0x1.0a00000000000p+2
0x1.ef80000000000p+4
-0x1.d6e5000000000p+7
-0x1.86d52e766f256p-1
0x1.e6c0000000000p+10
0x1.e8c0000000000p+10
-0x1.e7c0000000000p+12
-0x1.e7c0000000000p+8
0x1.2400000000000p+7
0x1.2400000000000p+7
-10948
-10948
0x1.6f00000000000p-2
0x1.7500000000000p+8
