20
3
16
3
true
false
true
false
true
false
true
false
true
false
true
false
2
98
jump1
jump3
